
> hoon_project@0.1.0 build
> react-scripts build

Creating an optimized production build...
Failed to compile.

[eslint] 
src\components\Home\ProvidersSection.jsx
Syntax error: Expected corresponding JSX closing tag for <section>. (115:4) (115:4)


